// Jest Snapshot v1, https://goo.gl/fbAQLP

exports[`AboutView captura de contenido HTML en prueba 1`] = `""`;
